common-add-calendar.css
common-langswitcher.css
common-slider.css
corporate-add-calendar.css
corporate-article-content.css
corporate-article-focus.css
corporate-article-nav.css
corporate-article-title.css
corporate-breadcrumb.css
corporate-catalogue-exhibitor-details.css
corporate-catalogue-exhibitors-nav.css
corporate-catalogue-exhibitors.css
corporate-catalogue-myselection.css
corporate-catalogue-nav-affix.css
corporate-catalogue-other-exhibitors.css
corporate-catalogue-product-details.css
corporate-catalogue-round-number.css 
corporate-contacts.css
corporate-exhibitor-searchform.css
corporate-faq.css
corporate-footer.css
corporate-gallery-slider.css 
corporate-gallery.css
corporate-header.css
corporate-langswitcher.css
corporate-library.css
corporate-list-grid.css
corporate-list-slider.css
corporate-list.css 
corporate-navigation.css 
corporate-newsletter.css
corporate-pagination.css
corporate-partner-list.css 
corporate-partner-slider.css
corporate-quicklinks.css  
corporate-search-events-exhibitors.css
corporate-search-result.css
corporate-searchform-header.css 
corporate-searchform.css
corporate-sitemap.css 
corporate-slider.css 
corporate-social.css
corporate-survey.css 
corporate-tags-cloud.css 
styles-base-corporate-catalogue.css  
styles-base-corporate.css 
 
slick.css 
slick-theme.css

comexposium_main.css
comexposium_site_banner.css
comexposium_lang_switcher.css
comexposium_main_navigation.css
comexposium_search_form.css
comexposium_social_nav.css
comexposium_news_list.css
comexposium_breadcrumbs.css
comexposium_pagination.css
comexposium_exhibitions_highlights.css
comexposium_list_grid.css
comexposium_article_listing.css
comexposium_contact.css
comexposium_rubrique_talents.css
comexposium_search_results.css
comexposium_font_import.css
comexposium_site_map.css

comexposium_article.css
comexposium_social.css
comexposium_header_rubrique.css
comexposium_landing_rubrique.css
comexposium_home_slider.css
comexposium_footer.css
comexposium_404.css
comexposium_hide_icon.css
comexposium_cookies.css

comexposium_color.css
 
zzzz-calendrier-salons.css 

zzz-ajoutdweb.css